// Jest Snapshot v1, https://goo.gl/fbAQLP

exports[`one-tmp-primitive-icon default snapshot 1`] = `
<one-tmp-primitive-icon>
  <svg
    aria-hidden="true"
    class="slds-icon slds-icon-text-default"
    data-key=""
    focusable="false"
  >
    <use
      xlink:href="undefined#"
    />
  </svg>
</one-tmp-primitive-icon>
`;
